This modules defines a function 'say_my_name(first_name, last_name="")'.

>>> say_my_name = __import__('3-say_my_name').say_my_name

>>> say_my_name("John", "Smith")
My name is John Smith

>>> say_my_name("Walter", "White")
My name is Walter White


>>> say_my_name("Bob")
My name is Bob 

Raise exception if first name is not string
>>> say_my_name(7, "Hassan")
Traceback (most recent call last):
TypeError: first_name must be a string



Raise exception if missing two arguments
>>> say_my_name()
Traceback (most recent call last):
TypeError: say_my_name() missing 1 required positional argument: 'first_name'



Raise exception if second name is not string
>>> say_my_name("Jamila", 7)
Traceback (most recent call last):
TypeError: last_name must be a string


Raise exception if first name and second name are not strings
>>> say_my_name(7, 123)
Traceback (most recent call last):
TypeError: first_name must be a string


Empty first string
>>> say_my_name("", "Souad")
My name is  Souad


Empty second string
>>> say_my_name("John", "")
My name is John 


Empty first and second string
>>> say_my_name("", "")
My name is  

Empty first and second string
>>> say_my_name("")
My name is  

Multiple leading and trailing spaces
>>> say_my_name(" ยง ",)
My name is  ยง  
